
> alpha-temp@0.1.0 build
> next build

   Ôû▓ Next.js 15.5.14
   - Environments: .env.local, .env
   - Experiments (use with caution):
     ┬À serverActions

   Creating an optimized production build ...
 Ô£ô Compiled successfully in 69s
   Skipping validation of types
   Skipping linting
   Collecting page data ...
   Generating static pages (0/83) ...
   Generating static pages (20/83) 
Usuario autenticado en PerfilContent: null
Tipo de Usuario: string
Usuario: 
   Generating static pages (41/83) 
   Generating static pages (62/83) 
 Ô£ô Generating static pages (83/83)
   Finalizing page optimization ...
   Collecting build traces ...

Route (app)                                               Size  First Load JS
Ôöî Ôùï /                                                    11 kB         126 kB
Ôö£ Ôùï /_not-found                                           1 kB         104 kB
Ôö£ Ôùï /admin/verificacion-pagos                          9.84 kB         141 kB
Ôö£ ãÆ /api/auth/[...nextauth]                              300 B         103 kB
Ôö£ ãÆ /api/auth/change-password                            300 B         103 kB
Ôö£ ãÆ /api/auth/check-2fa-status                           300 B         103 kB
Ôö£ ãÆ /api/auth/check-email                                300 B         103 kB
Ôö£ ãÆ /api/auth/forgot-password                            300 B         103 kB
Ôö£ ãÆ /api/auth/logout                                     300 B         103 kB
Ôö£ ãÆ /api/auth/me                                         300 B         103 kB
Ôö£ ãÆ /api/auth/reactivate                                 300 B         103 kB
Ôö£ ãÆ /api/auth/reset-password                             300 B         103 kB
Ôö£ ãÆ /api/auth/send-verification-code                     300 B         103 kB
Ôö£ ãÆ /api/auth/signin                                     300 B         103 kB
Ôö£ ãÆ /api/auth/signup                                     300 B         103 kB
Ôö£ ãÆ /api/auth/verify-2fa                                 300 B         103 kB
Ôö£ ãÆ /api/auth/verify-2fa-login                           300 B         103 kB
Ôö£ ãÆ /api/auth/verify-code                                300 B         103 kB
Ôö£ ãÆ /api/auth/verify-reset-code                          300 B         103 kB
Ôö£ ãÆ /api/cobros/descargar                                300 B         103 kB
Ôö£ ãÆ /api/cobros/getplan                                  300 B         103 kB
Ôö£ ãÆ /api/cobros/historial-pagos                          300 B         103 kB
Ôö£ ãÆ /api/cobros/planes                                   300 B         103 kB
Ôö£ ãÆ /api/cobros/verificacion-pagos                       300 B         103 kB
Ôö£ ãÆ /api/cobros/verificar                                300 B         103 kB
Ôö£ ãÆ /api/desvincular                                     300 B         103 kB
Ôö£ ãÆ /api/filter_search_page                              300 B         103 kB
Ôö£ ãÆ /api/GoogleCancelado                                 300 B         103 kB
Ôö£ ãÆ /api/home/explore/alquiler                           300 B         103 kB
Ôö£ ãÆ /api/home/explore/tipos                              300 B         103 kB
Ôö£ ãÆ /api/home/explore/venta                              300 B         103 kB
Ôö£ ãÆ /api/notifications                                   300 B         103 kB
Ôö£ ãÆ /api/perfil/actualizarContrasena                     300 B         103 kB
Ôö£ ãÆ /api/perfil/addFav                                   300 B         103 kB
Ôö£ ãÆ /api/perfil/addHistorial                             300 B         103 kB
Ôö£ ãÆ /api/perfil/addPublicacion                           300 B         103 kB
Ôö£ ãÆ /api/perfil/checkFav                                 300 B         103 kB
Ôö£ ãÆ /api/perfil/deleteFav                                300 B         103 kB
Ôö£ ãÆ /api/perfil/deletePublicacion                        300 B         103 kB
Ôö£ ãÆ /api/perfil/deleteUsuario                            300 B         103 kB
Ôö£ ãÆ /api/perfil/desactivar-2fa                           300 B         103 kB
Ôö£ ãÆ /api/perfil/desactivarCuenta                         300 B         103 kB
Ôö£ ãÆ /api/perfil/estado-2fa                               300 B         103 kB
Ôö£ ãÆ /api/perfil/getFavoritos                             300 B         103 kB
Ôö£ ãÆ /api/perfil/getFoto                                  300 B         103 kB
Ôö£ ãÆ /api/perfil/getHistorial                             300 B         103 kB
Ôö£ ãÆ /api/perfil/getPublicacion                           300 B         103 kB
Ôö£ ãÆ /api/perfil/getUsuario                               300 B         103 kB
Ôö£ ãÆ /api/perfil/prevalidarCambioCorreo                   300 B         103 kB
Ôö£ ãÆ /api/perfil/telefono/create                          300 B         103 kB
Ôö£ ãÆ /api/perfil/telefono/delete                          300 B         103 kB
Ôö£ ãÆ /api/perfil/telefono/update                          300 B         103 kB
Ôö£ ãÆ /api/perfil/updatePais                               300 B         103 kB
Ôö£ ãÆ /api/perfil/updateUsuario                            300 B         103 kB
Ôö£ ãÆ /api/perfil/uploadFoto                               300 B         103 kB
Ôö£ ãÆ /api/perfil/validarContrasenaActual                  300 B         103 kB
Ôö£ ãÆ /api/perfil/verificarOtp                             300 B         103 kB
Ôö£ ãÆ /api/perfil/verificationCode                         300 B         103 kB
Ôö£ ãÆ /api/perfil/verify2FA                                300 B         103 kB
Ôö£ ãÆ /api/publicacion/informacion-comercial               300 B         103 kB
Ôö£ ãÆ /api/redes-vinculadas                                300 B         103 kB
Ôö£ ãÆ /api/search/publicacion/[id]                         300 B         103 kB
Ôö£ ãÆ /api/send-whatsapp                                   300 B         103 kB
Ôö£ ãÆ /api/sing in-up/sing up                              300 B         103 kB
Ôö£ ãÆ /api/test-supabase                                   300 B         103 kB
Ôö£ ãÆ /api/vincular/discord                                300 B         103 kB
Ôö£ ãÆ /api/vincular/discord/oauth-respuesta                300 B         103 kB
Ôö£ ãÆ /api/vincular/facebook                               300 B         103 kB
Ôö£ ãÆ /api/vincular/facebook/oauth-respuesta               300 B         103 kB
Ôö£ ãÆ /api/webhook-twilio                                  300 B         103 kB
Ôö£ Ôùï /busqueda                                            195 B         185 kB
Ôö£ Ôùï /cobros/historial-pagos                            1.61 kB         125 kB
Ôö£ Ôùï /cobros/planes                                     40.7 kB         224 kB
Ôö£ ãÆ /cobros/sector-pagos                               7.31 kB         145 kB
Ôö£ Ôùï /home/politicas-privacidad                           300 B         103 kB
Ôö£ Ôùï /home/sobre-nosotros                                 300 B         103 kB
Ôö£ Ôùï /home/terminos-condiciones                           300 B         103 kB
Ôö£ Ôùï /mapas                                              1.4 kB         104 kB
Ôö£ Ôùï /perfil                                             166 kB         323 kB
Ôö£ ãÆ /publicacion/[id_publicacion]                        196 B         143 kB
Ôö£ Ôùï /publicacion/Caracteristicas                       12.2 kB         137 kB
Ôö£ Ôùï /publicacion/informacion-comercial                 7.25 kB         128 kB
Ôö£ ãÆ /publicacion/perfil_del_inmueble/[id_publicacion]  2.09 kB         145 kB
Ôöö Ôùï /search                                              195 B         185 kB
+ First Load JS shared by all                           103 kB
  Ôö£ chunks/1255-dfb5f8d642ae4426.js                    45.7 kB
  Ôö£ chunks/4bd1b696-100b9d70ed4e49c1.js                54.2 kB
  Ôöö other shared chunks (total)                        2.62 kB


ãÆ Middleware                                           34.2 kB

Ôùï  (Static)   prerendered as static content
ãÆ  (Dynamic)  server-rendered on demand

